// Jest Snapshot v1, https://goo.gl/fbAQLP

exports[`matces snapshots 1`] = `
<div
  data-testid="todo-1"
>
  <h1>
    title 1
  </h1>
</div>
`;
